  ONE WEEK1.cpp
C:\Users\jcast\Desktop\Proyectos\ONE-WEEK\src\ONE WEEK1.cpp(303,29): warning C4834: Descartar el valor de retorno de la función con el atributo [[nodiscard]]
C:\Users\jcast\Desktop\Proyectos\ONE-WEEK\src\ONE WEEK1.cpp(310,28): warning C4834: Descartar el valor de retorno de la función con el atributo [[nodiscard]]
C:\Users\jcast\Desktop\Proyectos\ONE-WEEK\src\ONE WEEK1.cpp(317,28): warning C4834: Descartar el valor de retorno de la función con el atributo [[nodiscard]]
C:\Users\jcast\Desktop\Proyectos\ONE-WEEK\src\ONE WEEK1.cpp(323,27): warning C4834: Descartar el valor de retorno de la función con el atributo [[nodiscard]]
C:\Users\jcast\Desktop\Proyectos\ONE-WEEK\src\ONE WEEK1.cpp(330,31): warning C4834: Descartar el valor de retorno de la función con el atributo [[nodiscard]]
C:\Users\jcast\Desktop\Proyectos\ONE-WEEK\src\ONE WEEK1.cpp(338,22): warning C4834: Descartar el valor de retorno de la función con el atributo [[nodiscard]]
C:\Users\jcast\Desktop\Proyectos\ONE-WEEK\src\ONE WEEK1.cpp(345,25): warning C4834: Descartar el valor de retorno de la función con el atributo [[nodiscard]]
C:\Users\jcast\Desktop\Proyectos\ONE-WEEK\src\ONE WEEK1.cpp(354,27): warning C4834: Descartar el valor de retorno de la función con el atributo [[nodiscard]]
C:\Users\jcast\Desktop\Proyectos\ONE-WEEK\src\ONE WEEK1.cpp(361,25): warning C4834: Descartar el valor de retorno de la función con el atributo [[nodiscard]]
C:\Users\jcast\Desktop\Proyectos\ONE-WEEK\src\ONE WEEK1.cpp(368,32): warning C4834: Descartar el valor de retorno de la función con el atributo [[nodiscard]]
C:\Users\jcast\Desktop\Proyectos\ONE-WEEK\src\ONE WEEK1.cpp(375,32): warning C4834: Descartar el valor de retorno de la función con el atributo [[nodiscard]]
C:\Users\jcast\Desktop\Proyectos\ONE-WEEK\src\ONE WEEK1.cpp(382,25): warning C4834: Descartar el valor de retorno de la función con el atributo [[nodiscard]]
C:\Users\jcast\Desktop\Proyectos\ONE-WEEK\src\ONE WEEK1.cpp(389,29): warning C4834: Descartar el valor de retorno de la función con el atributo [[nodiscard]]
C:\Users\jcast\Desktop\Proyectos\ONE-WEEK\src\ONE WEEK1.cpp(396,25): warning C4834: Descartar el valor de retorno de la función con el atributo [[nodiscard]]
C:\Users\jcast\Desktop\Proyectos\ONE-WEEK\src\ONE WEEK1.cpp(403,25): warning C4834: Descartar el valor de retorno de la función con el atributo [[nodiscard]]
C:\Users\jcast\Desktop\Proyectos\ONE-WEEK\src\ONE WEEK1.cpp(410,22): warning C4834: Descartar el valor de retorno de la función con el atributo [[nodiscard]]
C:\Users\jcast\Desktop\Proyectos\ONE-WEEK\src\ONE WEEK1.cpp(562,49): warning C4018: '<': no coinciden signed/unsigned
C:\Users\jcast\Desktop\Proyectos\ONE-WEEK\src\ONE WEEK1.cpp(621,49): warning C4018: '<': no coinciden signed/unsigned
C:\Users\jcast\Desktop\Proyectos\ONE-WEEK\src\ONE WEEK1.cpp(664,49): warning C4018: '<': no coinciden signed/unsigned
C:\Users\jcast\Desktop\Proyectos\ONE-WEEK\src\ONE WEEK1.cpp(742,29): warning C4129: “E”: secuencia de escape de caracteres no reconocida
  ONE WEEK1.vcxproj -> C:\Users\jcast\Desktop\Proyectos\ONE-WEEK\bin\Debug\ONE WEEK1.exe
  C:\Users\jcast\Desktop\Proyectos\ONE-WEEK\assets\Fondos\botones.jpeg
  C:\Users\jcast\Desktop\Proyectos\ONE-WEEK\assets\Fondos\botonjugar.png
  C:\Users\jcast\Desktop\Proyectos\ONE-WEEK\assets\Fondos\botonsimple.png
  C:\Users\jcast\Desktop\Proyectos\ONE-WEEK\assets\Fondos\buenosdiaschatcuadro.jpeg
  C:\Users\jcast\Desktop\Proyectos\ONE-WEEK\assets\Fondos\buenosdiasopciones.jpeg
  C:\Users\jcast\Desktop\Proyectos\ONE-WEEK\assets\Fondos\cuartoconhoja.png
  C:\Users\jcast\Desktop\Proyectos\ONE-WEEK\assets\Fondos\cuartoconhojayboton.png
  C:\Users\jcast\Desktop\Proyectos\ONE-WEEK\assets\Fondos\cuartoconluz.jpeg
  C:\Users\jcast\Desktop\Proyectos\ONE-WEEK\assets\Fondos\cuartoconluzcuadro.jpeg
  C:\Users\jcast\Desktop\Proyectos\ONE-WEEK\assets\Fondos\cuartoconopciones.jpeg
  C:\Users\jcast\Desktop\Proyectos\ONE-WEEK\assets\Fondos\CUARTOOSCURO.png
  C:\Users\jcast\Desktop\Proyectos\ONE-WEEK\assets\Fondos\cuartoscurocuadro.jpeg
  C:\Users\jcast\Desktop\Proyectos\ONE-WEEK\assets\Fondos\cuartosinluz.png
  C:\Users\jcast\Desktop\Proyectos\ONE-WEEK\assets\Fondos\cuartosinluzycuadro.jpeg
  C:\Users\jcast\Desktop\Proyectos\ONE-WEEK\assets\Fondos\cuartotexto.png
  C:\Users\jcast\Desktop\Proyectos\ONE-WEEK\assets\Fondos\dia1.png
  C:\Users\jcast\Desktop\Proyectos\ONE-WEEK\assets\Fondos\Dia2.png
  C:\Users\jcast\Desktop\Proyectos\ONE-WEEK\assets\Fondos\elijetupersonaje.jpeg
  C:\Users\jcast\Desktop\Proyectos\ONE-WEEK\assets\Fondos\escenatulipanes.jpeg
  C:\Users\jcast\Desktop\Proyectos\ONE-WEEK\assets\Fondos\fechaimportante.png
  C:\Users\jcast\Desktop\Proyectos\ONE-WEEK\assets\Fondos\fechaimportante1.png
  C:\Users\jcast\Desktop\Proyectos\ONE-WEEK\assets\Fondos\findiamenu.png
  C:\Users\jcast\Desktop\Proyectos\ONE-WEEK\assets\Fondos\fotonovia.jpeg
  C:\Users\jcast\Desktop\Proyectos\ONE-WEEK\assets\Fondos\fotonoviacuadro.jpeg
  C:\Users\jcast\Desktop\Proyectos\ONE-WEEK\assets\Fondos\illeanapasillo.png
  C:\Users\jcast\Desktop\Proyectos\ONE-WEEK\assets\Fondos\illeanapasillocuadro.png
  C:\Users\jcast\Desktop\Proyectos\ONE-WEEK\assets\Fondos\illeanapasillocuadro1.png
  C:\Users\jcast\Desktop\Proyectos\ONE-WEEK\assets\Fondos\inicio.jpeg
  C:\Users\jcast\Desktop\Proyectos\ONE-WEEK\assets\Fondos\medescribencomo.jpeg
  C:\Users\jcast\Desktop\Proyectos\ONE-WEEK\assets\Fondos\noviacontinuar.png
  C:\Users\jcast\Desktop\Proyectos\ONE-WEEK\assets\Fondos\noviacuadro.jpeg
  C:\Users\jcast\Desktop\Proyectos\ONE-WEEK\assets\Fondos\noviacuadrocontinuar.png
  C:\Users\jcast\Desktop\Proyectos\ONE-WEEK\assets\Fondos\pasillo.jpeg
  C:\Users\jcast\Desktop\Proyectos\ONE-WEEK\assets\Fondos\pasillocontinuar.png
  C:\Users\jcast\Desktop\Proyectos\ONE-WEEK\assets\Fondos\Regalos.png
  C:\Users\jcast\Desktop\Proyectos\ONE-WEEK\assets\Fondos\tulipanes.png
  C:\Users\jcast\Desktop\Proyectos\ONE-WEEK\assets\Fuentes\Cute Love.otf
  C:\Users\jcast\Desktop\Proyectos\ONE-WEEK\assets\Fuentes\Cute Love.png
  C:\Users\jcast\Desktop\Proyectos\ONE-WEEK\assets\Fuentes\Cute Love.ttf
  C:\Users\jcast\Desktop\Proyectos\ONE-WEEK\assets\Musica\musicalofi.mp3
  40 archivo(s) copiado(s)
