  ONE WEEK1.vcxproj -> C:\Users\Usuario\ONE-WEEK\Debug\ONE WEEK1.exe
  C:\Users\Usuario\ONE-WEEK\Extras\Fondos\botones.jpeg
  C:\Users\Usuario\ONE-WEEK\Extras\Fondos\botonjugar.png
  C:\Users\Usuario\ONE-WEEK\Extras\Fondos\botonsimple.png
  C:\Users\Usuario\ONE-WEEK\Extras\Fondos\buenosdiaschatcuadro.jpeg
  C:\Users\Usuario\ONE-WEEK\Extras\Fondos\buenosdiasopciones.jpeg
  C:\Users\Usuario\ONE-WEEK\Extras\Fondos\cuartoconhoja.png
  C:\Users\Usuario\ONE-WEEK\Extras\Fondos\cuartoconhojayboton.png
  C:\Users\Usuario\ONE-WEEK\Extras\Fondos\cuartoconluz.jpeg
  C:\Users\Usuario\ONE-WEEK\Extras\Fondos\cuartoconluzcuadro.jpeg
  C:\Users\Usuario\ONE-WEEK\Extras\Fondos\cuartoconopciones.jpeg
  C:\Users\Usuario\ONE-WEEK\Extras\Fondos\CUARTOOSCURO.png
  C:\Users\Usuario\ONE-WEEK\Extras\Fondos\cuartoscurocuadro.jpeg
  C:\Users\Usuario\ONE-WEEK\Extras\Fondos\cuartosinluz.png
  C:\Users\Usuario\ONE-WEEK\Extras\Fondos\cuartosinluzycuadro.jpeg
  C:\Users\Usuario\ONE-WEEK\Extras\Fondos\cuartotexto.png
  C:\Users\Usuario\ONE-WEEK\Extras\Fondos\dia1.png
  C:\Users\Usuario\ONE-WEEK\Extras\Fondos\elijetupersonaje.jpeg
  C:\Users\Usuario\ONE-WEEK\Extras\Fondos\escenatulipanes.jpeg
  C:\Users\Usuario\ONE-WEEK\Extras\Fondos\fechaimportante.png
  C:\Users\Usuario\ONE-WEEK\Extras\Fondos\fechaimportante1.png
  C:\Users\Usuario\ONE-WEEK\Extras\Fondos\fotonovia.jpeg
  C:\Users\Usuario\ONE-WEEK\Extras\Fondos\fotonoviacuadro.jpeg
  C:\Users\Usuario\ONE-WEEK\Extras\Fondos\illeanapasillo.png
  C:\Users\Usuario\ONE-WEEK\Extras\Fondos\illeanapasillocuadro.png
  C:\Users\Usuario\ONE-WEEK\Extras\Fondos\illeanapasillocuadro1.png
  C:\Users\Usuario\ONE-WEEK\Extras\Fondos\inicio.jpeg
  C:\Users\Usuario\ONE-WEEK\Extras\Fondos\medescribencomo.jpeg
  C:\Users\Usuario\ONE-WEEK\Extras\Fondos\noviacontinuar.png
  C:\Users\Usuario\ONE-WEEK\Extras\Fondos\noviacuadro.jpeg
  C:\Users\Usuario\ONE-WEEK\Extras\Fondos\noviacuadrocontinuar.png
  C:\Users\Usuario\ONE-WEEK\Extras\Fondos\pasillo.jpeg
  C:\Users\Usuario\ONE-WEEK\Extras\Fondos\pasillocontinuar.png
  C:\Users\Usuario\ONE-WEEK\Extras\Fondos\tulipanes.png
  C:\Users\Usuario\ONE-WEEK\Extras\Fuentes\Cute Love.otf
  C:\Users\Usuario\ONE-WEEK\Extras\Fuentes\Cute Love.png
  C:\Users\Usuario\ONE-WEEK\Extras\Fuentes\Cute Love.ttf
  C:\Users\Usuario\ONE-WEEK\Extras\Musica\musicalofi.mp3
  37 archivo(s) copiado(s)
