  ONE WEEK1.cpp
C:\Users\miapd\Music\Github\ONE-WEEK\src\ONE WEEK1.cpp(416,29): warning C4834: discarding return value of function with [[nodiscard]] attribute
C:\Users\miapd\Music\Github\ONE-WEEK\src\ONE WEEK1.cpp(423,28): warning C4834: discarding return value of function with [[nodiscard]] attribute
C:\Users\miapd\Music\Github\ONE-WEEK\src\ONE WEEK1.cpp(430,28): warning C4834: discarding return value of function with [[nodiscard]] attribute
C:\Users\miapd\Music\Github\ONE-WEEK\src\ONE WEEK1.cpp(436,27): warning C4834: discarding return value of function with [[nodiscard]] attribute
C:\Users\miapd\Music\Github\ONE-WEEK\src\ONE WEEK1.cpp(443,31): warning C4834: discarding return value of function with [[nodiscard]] attribute
C:\Users\miapd\Music\Github\ONE-WEEK\src\ONE WEEK1.cpp(451,22): warning C4834: discarding return value of function with [[nodiscard]] attribute
C:\Users\miapd\Music\Github\ONE-WEEK\src\ONE WEEK1.cpp(458,25): warning C4834: discarding return value of function with [[nodiscard]] attribute
C:\Users\miapd\Music\Github\ONE-WEEK\src\ONE WEEK1.cpp(467,27): warning C4834: discarding return value of function with [[nodiscard]] attribute
C:\Users\miapd\Music\Github\ONE-WEEK\src\ONE WEEK1.cpp(474,25): warning C4834: discarding return value of function with [[nodiscard]] attribute
C:\Users\miapd\Music\Github\ONE-WEEK\src\ONE WEEK1.cpp(481,32): warning C4834: discarding return value of function with [[nodiscard]] attribute
C:\Users\miapd\Music\Github\ONE-WEEK\src\ONE WEEK1.cpp(488,32): warning C4834: discarding return value of function with [[nodiscard]] attribute
C:\Users\miapd\Music\Github\ONE-WEEK\src\ONE WEEK1.cpp(495,25): warning C4834: discarding return value of function with [[nodiscard]] attribute
C:\Users\miapd\Music\Github\ONE-WEEK\src\ONE WEEK1.cpp(502,29): warning C4834: discarding return value of function with [[nodiscard]] attribute
C:\Users\miapd\Music\Github\ONE-WEEK\src\ONE WEEK1.cpp(509,25): warning C4834: discarding return value of function with [[nodiscard]] attribute
C:\Users\miapd\Music\Github\ONE-WEEK\src\ONE WEEK1.cpp(516,25): warning C4834: discarding return value of function with [[nodiscard]] attribute
C:\Users\miapd\Music\Github\ONE-WEEK\src\ONE WEEK1.cpp(523,22): warning C4834: discarding return value of function with [[nodiscard]] attribute
C:\Users\miapd\Music\Github\ONE-WEEK\src\ONE WEEK1.cpp(530,24): warning C4834: discarding return value of function with [[nodiscard]] attribute
C:\Users\miapd\Music\Github\ONE-WEEK\src\ONE WEEK1.cpp(537,30): warning C4834: discarding return value of function with [[nodiscard]] attribute
C:\Users\miapd\Music\Github\ONE-WEEK\src\ONE WEEK1.cpp(544,25): warning C4834: discarding return value of function with [[nodiscard]] attribute
C:\Users\miapd\Music\Github\ONE-WEEK\src\ONE WEEK1.cpp(551,25): warning C4834: discarding return value of function with [[nodiscard]] attribute
C:\Users\miapd\Music\Github\ONE-WEEK\src\ONE WEEK1.cpp(558,26): warning C4834: discarding return value of function with [[nodiscard]] attribute
C:\Users\miapd\Music\Github\ONE-WEEK\src\ONE WEEK1.cpp(565,25): warning C4834: discarding return value of function with [[nodiscard]] attribute
C:\Users\miapd\Music\Github\ONE-WEEK\src\ONE WEEK1.cpp(572,28): warning C4834: discarding return value of function with [[nodiscard]] attribute
C:\Users\miapd\Music\Github\ONE-WEEK\src\ONE WEEK1.cpp(579,28): warning C4834: discarding return value of function with [[nodiscard]] attribute
C:\Users\miapd\Music\Github\ONE-WEEK\src\ONE WEEK1.cpp(586,32): warning C4834: discarding return value of function with [[nodiscard]] attribute
C:\Users\miapd\Music\Github\ONE-WEEK\src\ONE WEEK1.cpp(594,24): warning C4834: discarding return value of function with [[nodiscard]] attribute
C:\Users\miapd\Music\Github\ONE-WEEK\src\ONE WEEK1.cpp(602,28): warning C4834: discarding return value of function with [[nodiscard]] attribute
C:\Users\miapd\Music\Github\ONE-WEEK\src\ONE WEEK1.cpp(609,26): warning C4834: discarding return value of function with [[nodiscard]] attribute
C:\Users\miapd\Music\Github\ONE-WEEK\src\ONE WEEK1.cpp(771,49): warning C4018: '<': signed/unsigned mismatch
C:\Users\miapd\Music\Github\ONE-WEEK\src\ONE WEEK1.cpp(830,49): warning C4018: '<': signed/unsigned mismatch
C:\Users\miapd\Music\Github\ONE-WEEK\src\ONE WEEK1.cpp(873,49): warning C4018: '<': signed/unsigned mismatch
C:\Users\miapd\Music\Github\ONE-WEEK\src\ONE WEEK1.cpp(938,49): warning C4018: '<': signed/unsigned mismatch
C:\Users\miapd\Music\Github\ONE-WEEK\src\ONE WEEK1.cpp(980,49): warning C4018: '<': signed/unsigned mismatch
C:\Users\miapd\Music\Github\ONE-WEEK\src\ONE WEEK1.cpp(1032,52): warning C4018: '<': signed/unsigned mismatch
C:\Users\miapd\Music\Github\ONE-WEEK\src\ONE WEEK1.cpp(1105,29): warning C4129: 'E': unrecognized character escape sequence
  ONE WEEK1.vcxproj -> C:\Users\miapd\Music\Github\ONE-WEEK\bin\Debug\ONE WEEK1.exe
  C:\Users\miapd\Music\Github\ONE-WEEK\src\..\assets\Fondos\AlarmaJueves.PNG
  C:\Users\miapd\Music\Github\ONE-WEEK\src\..\assets\Fondos\AlarmaMartes.jpeg
  C:\Users\miapd\Music\Github\ONE-WEEK\src\..\assets\Fondos\botones.jpeg
  C:\Users\miapd\Music\Github\ONE-WEEK\src\..\assets\Fondos\botonjugar.png
  C:\Users\miapd\Music\Github\ONE-WEEK\src\..\assets\Fondos\botonsimple.png
  C:\Users\miapd\Music\Github\ONE-WEEK\src\..\assets\Fondos\buenosdiaschatcuadro.jpeg
  C:\Users\miapd\Music\Github\ONE-WEEK\src\..\assets\Fondos\buenosdiasopciones.jpeg
  C:\Users\miapd\Music\Github\ONE-WEEK\src\..\assets\Fondos\CaminoAtienda.PNG
  C:\Users\miapd\Music\Github\ONE-WEEK\src\..\assets\Fondos\CuartoconCel.PNG
  C:\Users\miapd\Music\Github\ONE-WEEK\src\..\assets\Fondos\cuartoconhoja.png
  C:\Users\miapd\Music\Github\ONE-WEEK\src\..\assets\Fondos\cuartoconhojayboton.png
  C:\Users\miapd\Music\Github\ONE-WEEK\src\..\assets\Fondos\cuartoconluz.jpeg
  C:\Users\miapd\Music\Github\ONE-WEEK\src\..\assets\Fondos\cuartoconluzcuadro.jpeg
  C:\Users\miapd\Music\Github\ONE-WEEK\src\..\assets\Fondos\cuartoconopciones.jpeg
  C:\Users\miapd\Music\Github\ONE-WEEK\src\..\assets\Fondos\cuartolluvioso.jpeg
  C:\Users\miapd\Music\Github\ONE-WEEK\src\..\assets\Fondos\CUARTOOSCURO.png
  C:\Users\miapd\Music\Github\ONE-WEEK\src\..\assets\Fondos\cuartoscurocuadro.jpeg
  C:\Users\miapd\Music\Github\ONE-WEEK\src\..\assets\Fondos\cuartosinluz.png
  C:\Users\miapd\Music\Github\ONE-WEEK\src\..\assets\Fondos\cuartosinluzycuadro.jpeg
  C:\Users\miapd\Music\Github\ONE-WEEK\src\..\assets\Fondos\cuartotexto.png
  C:\Users\miapd\Music\Github\ONE-WEEK\src\..\assets\Fondos\dia1.png
  C:\Users\miapd\Music\Github\ONE-WEEK\src\..\assets\Fondos\Dia2.png
  C:\Users\miapd\Music\Github\ONE-WEEK\src\..\assets\Fondos\elijetupersonaje.jpeg
  C:\Users\miapd\Music\Github\ONE-WEEK\src\..\assets\Fondos\escenatulipanes.jpeg
  C:\Users\miapd\Music\Github\ONE-WEEK\src\..\assets\Fondos\fechaimportante.png
  C:\Users\miapd\Music\Github\ONE-WEEK\src\..\assets\Fondos\fechaimportante1.png
  C:\Users\miapd\Music\Github\ONE-WEEK\src\..\assets\Fondos\findiamenu.png
  C:\Users\miapd\Music\Github\ONE-WEEK\src\..\assets\Fondos\fotonovia.jpeg
  C:\Users\miapd\Music\Github\ONE-WEEK\src\..\assets\Fondos\fotonoviacuadro.jpeg
  C:\Users\miapd\Music\Github\ONE-WEEK\src\..\assets\Fondos\girasolesopciones.jpeg
  C:\Users\miapd\Music\Github\ONE-WEEK\src\..\assets\Fondos\illeanapasillo.png
  C:\Users\miapd\Music\Github\ONE-WEEK\src\..\assets\Fondos\illeanapasillocuadro.png
  C:\Users\miapd\Music\Github\ONE-WEEK\src\..\assets\Fondos\illeanapasillocuadro1.png
  C:\Users\miapd\Music\Github\ONE-WEEK\src\..\assets\Fondos\Illiana avergonzada.PNG
  C:\Users\miapd\Music\Github\ONE-WEEK\src\..\assets\Fondos\Illiana pensando.PNG
  C:\Users\miapd\Music\Github\ONE-WEEK\src\..\assets\Fondos\Illiana te pide el numero opciones.PNG
  C:\Users\miapd\Music\Github\ONE-WEEK\src\..\assets\Fondos\Illiana te pide el numero.PNG
  C:\Users\miapd\Music\Github\ONE-WEEK\src\..\assets\Fondos\inicio.jpeg
  C:\Users\miapd\Music\Github\ONE-WEEK\src\..\assets\Fondos\lluvia2.png
  C:\Users\miapd\Music\Github\ONE-WEEK\src\..\assets\Fondos\lluvia3.png
  C:\Users\miapd\Music\Github\ONE-WEEK\src\..\assets\Fondos\lluviacampus.png
  C:\Users\miapd\Music\Github\ONE-WEEK\src\..\assets\Fondos\lluviagirasoles.png
  C:\Users\miapd\Music\Github\ONE-WEEK\src\..\assets\Fondos\Lluviaopciones.jpeg
  C:\Users\miapd\Music\Github\ONE-WEEK\src\..\assets\Fondos\medescribencomo.jpeg
  C:\Users\miapd\Music\Github\ONE-WEEK\src\..\assets\Fondos\MejorseVA.PNG
  C:\Users\miapd\Music\Github\ONE-WEEK\src\..\assets\Fondos\Mensaje del miercoles completo.PNG
  C:\Users\miapd\Music\Github\ONE-WEEK\src\..\assets\Fondos\Mensaje del miercoles opciones.PNG
  C:\Users\miapd\Music\Github\ONE-WEEK\src\..\assets\Fondos\Mensaje del miercoles.PNG
  C:\Users\miapd\Music\Github\ONE-WEEK\src\..\assets\Fondos\MensajedeIlliana.PNG
  C:\Users\miapd\Music\Github\ONE-WEEK\src\..\assets\Fondos\mensajegira.png
  C:\Users\miapd\Music\Github\ONE-WEEK\src\..\assets\Fondos\MensajeOpciones.PNG
  C:\Users\miapd\Music\Github\ONE-WEEK\src\..\assets\Fondos\MensajeOpciones1.PNG
  C:\Users\miapd\Music\Github\ONE-WEEK\src\..\assets\Fondos\NoviaconOtro.PNG
  C:\Users\miapd\Music\Github\ONE-WEEK\src\..\assets\Fondos\NoviaconOtro2.PNG
  C:\Users\miapd\Music\Github\ONE-WEEK\src\..\assets\Fondos\noviacontinuar.png
  C:\Users\miapd\Music\Github\ONE-WEEK\src\..\assets\Fondos\noviacuadro.jpeg
  C:\Users\miapd\Music\Github\ONE-WEEK\src\..\assets\Fondos\noviacuadrocontinuar.png
  C:\Users\miapd\Music\Github\ONE-WEEK\src\..\assets\Fondos\Noviaencafe1.PNG
  C:\Users\miapd\Music\Github\ONE-WEEK\src\..\assets\Fondos\Noviaencafe2.PNG
  C:\Users\miapd\Music\Github\ONE-WEEK\src\..\assets\Fondos\Noviaencafe3.PNG
  C:\Users\miapd\Music\Github\ONE-WEEK\src\..\assets\Fondos\Noviaencafeopciones.PNG
  C:\Users\miapd\Music\Github\ONE-WEEK\src\..\assets\Fondos\NuevoMensaje.PNG
  C:\Users\miapd\Music\Github\ONE-WEEK\src\..\assets\Fondos\Nuevomensaje1.PNG
  C:\Users\miapd\Music\Github\ONE-WEEK\src\..\assets\Fondos\pasillo.jpeg
  C:\Users\miapd\Music\Github\ONE-WEEK\src\..\assets\Fondos\pasillocontinuar.png
  C:\Users\miapd\Music\Github\ONE-WEEK\src\..\assets\Fondos\pasilloilleana.png
  C:\Users\miapd\Music\Github\ONE-WEEK\src\..\assets\Fondos\PROCESO.PNG
  C:\Users\miapd\Music\Github\ONE-WEEK\src\..\assets\Fondos\Regalos.png
  C:\Users\miapd\Music\Github\ONE-WEEK\src\..\assets\Fondos\Telefonoencama.PNG
  C:\Users\miapd\Music\Github\ONE-WEEK\src\..\assets\Fondos\telgirasoles.png
  C:\Users\miapd\Music\Github\ONE-WEEK\src\..\assets\Fondos\Tu novia te espera en el cafe.PNG
  C:\Users\miapd\Music\Github\ONE-WEEK\src\..\assets\Fondos\tulipanes.png
  C:\Users\miapd\Music\Github\ONE-WEEK\src\..\assets\Fondos\VerMensaje.PNG
  C:\Users\miapd\Music\Github\ONE-WEEK\src\..\assets\Fuentes\Cute Love.otf
  C:\Users\miapd\Music\Github\ONE-WEEK\src\..\assets\Fuentes\Cute Love.png
  C:\Users\miapd\Music\Github\ONE-WEEK\src\..\assets\Fuentes\Cute Love.ttf
  C:\Users\miapd\Music\Github\ONE-WEEK\src\..\assets\Musica\musicalofi.mp3
  77 File(s) copied
